../Core/Src/main.c:287:17:newBoard	384	static
../Core/Src/main.c:299:6:shuffle	32	static
../Core/Src/main.c:314:5:getTetromino	40	static
../Core/Src/main.c:355:6:updateNext	56	static
../Core/Src/main.c:378:5:popBag	24	static
../Core/Src/main.c:388:5:popNext	24	static
../Core/Src/main.c:407:6:findGhost	32	static
../Core/Src/main.c:432:5:collision	32	static
../Core/Src/main.c:466:6:hdrop	56	static
../Core/Src/main.c:562:6:sdrop	56	static
../Core/Src/main.c:614:6:resetLockDelay	16	static
../Core/Src/main.c:623:5:lookupKickData	24	static
../Core/Src/main.c:634:5:wallKick	24	static
../Core/Src/main.c:656:6:processKeys	16	static
../Core/Src/main.c:725:6:drawGame	48	static
../Core/Src/main.c:834:6:printCenter	16	static
../Core/Src/main.c:843:6:write_byte	24	static
../Core/Src/main.c:854:6:write_max	16	static
../Core/Src/main.c:862:6:write_max_screen	24	static
../Core/Src/main.c:878:6:max_init	8	static
../Core/Src/main.c:906:5:main	400	static
../Core/Src/main.c:1036:6:SystemClock_Config	88	static
../Core/Src/main.c:1082:13:MX_USART2_UART_Init	8	static
../Core/Src/main.c:1115:13:MX_GPIO_Init	48	static
../Core/Src/main.c:1151:6:Error_Handler	4	static,ignoring_inline_asm
